nohup: ignoring input
🔧 Parser running with datasets: ['main_dataset', 'extra-3', 'custom']
Loaded 247 partition rules from partition.csv

Success! Extracted 1532 images into parsed_dataset_catalog.json
Using device: cuda
GPU: Quadro RTX 8000
VRAM available: 47.3 GB
📁 Initialized new experiment folder: results_task2/run_83
   ├─ 🧠 Models:  results_task2/run_83/models
   ├─ 📊 Graphs:  results_task2/run_83/graphs
   └─ 📝 Results: results_task2/run_83/results.csv
Config loaded ✓
Loaded 1,532 entries
Train: 1,273  |  Val: 239  |  Test: 20
Dataset classes ready ✓
Model                  Parameters
----------------------------------
ConvNeXt_Tiny          28,021,361
Helpers ready ✓
Initializing Datasets and DataLoaders...

============================================================
  Training: ConvNeXt_Tiny
============================================================
  [  1/50]  train=2.5643  val=2.3729 ← ✓
  [  2/50]  train=2.1684  val=1.9697 ← ✓
  [  3/50]  train=1.9438  val=1.9608 ← ✓
  [  4/50]  train=1.8546  val=1.7586 ← ✓
  [  5/50]  train=1.7980  val=1.6680 ← ✓
  [  6/50]  train=1.6639  val=1.5111 ← ✓
  [  7/50]  train=1.6570  val=1.7321
  [  8/50]  train=1.5440  val=1.5264
  [  9/50]  train=1.4745  val=1.4994 ← ✓
  [ 10/50]  train=1.3703  val=1.4309 ← ✓
  [ 11/50]  train=1.3842  val=1.2395 ← ✓
  [ 12/50]  train=1.3614  val=1.2611
  [ 13/50]  train=1.1528  val=1.2922
  [ 14/50]  train=1.1636  val=1.2229 ← ✓
  [ 15/50]  train=1.1366  val=1.0981 ← ✓
  [ 16/50]  train=1.1027  val=1.0900 ← ✓
  [ 17/50]  train=1.0769  val=1.0579 ← ✓
  [ 18/50]  train=1.0527  val=1.1010
  [ 19/50]  train=0.9752  val=1.0843
  [ 20/50]  train=0.9287  val=1.1015
  [ 21/50]  train=0.8578  val=0.9846 ← ✓
  [ 22/50]  train=0.8205  val=0.9722 ← ✓
  [ 23/50]  train=0.8028  val=0.9259 ← ✓
  [ 24/50]  train=0.7686  val=0.9062 ← ✓
  [ 25/50]  train=0.7448  val=0.9311
  [ 26/50]  train=0.6902  val=1.0529
  [ 27/50]  train=0.6985  val=1.0916
  [ 28/50]  train=0.6319  val=0.9684
  [ 29/50]  train=0.6208  val=0.8906 ← ✓
  [ 30/50]  train=0.5516  val=0.8681 ← ✓
  [ 31/50]  train=0.4956  val=0.8409 ← ✓
  [ 32/50]  train=0.5096  val=0.8796
  [ 33/50]  train=0.4435  val=0.9665
  [ 34/50]  train=0.4480  val=0.9195
  [ 35/50]  train=0.4015  val=0.9017
  [ 36/50]  train=0.3622  val=0.8391 ← ✓
  [ 37/50]  train=0.3303  val=0.7638 ← ✓
  [ 38/50]  train=0.3540  val=0.7944
  [ 39/50]  train=0.3082  val=0.9622
  [ 40/50]  train=0.2798  val=0.9252
  [ 41/50]  train=0.2609  val=0.9916
  [ 42/50]  train=0.2612  val=0.8645
  [ 43/50]  train=0.2396  val=0.9070
  [ 44/50]  train=0.2299  val=0.9323
  [ 45/50]  train=0.2221  val=0.8851
  [ 46/50]  train=0.2266  val=0.8824
  [ 47/50]  train=0.2252  val=0.8637
  [ 48/50]  train=0.2236  val=0.8707
  [ 49/50]  train=0.2069  val=0.8912
  [ 50/50]  train=0.1970  val=0.8865

  Test →  MAE=0.600  RMSE=0.837  Acc@1=0.950  ExactAcc=0.450


All models done! Results saved to results_task2/run_83/results.csv
Saved: loss_curves.png
Saved: scatter_plots.png
Saved: error_distributions.png
           Model  MAE ↓  RMSE ↓  Acc@1 ↑  Exact ↑
1  ConvNeXt_Tiny    0.6   0.837     0.95     0.45
Saved: model_comparison.png
📊 Final Model Rankings saved to CSV:
 Rank         model               datasets_used  MAE  MSE    RMSE  Acc@1  ExactAcc
    1 ConvNeXt_Tiny main_dataset,extra-3,custom  0.6  0.7 0.83666   0.95      0.45
------------------------------------------------------------
🏆 Best model: ConvNeXt_Tiny  (ExactAcc=0.450)
Running full evaluation on 20 test images using ConvNeXt_Tiny...
Evaluating:   0%|          | 0/20 [00:00<?, ?it/s]

========================================
  FINAL TEST SET EVALUATION REPORT
========================================
Model Evaluated        : ConvNeXt_Tiny
Total Images Evaluated : 20
MAE  (avg error)       : 0.600 balls
RMSE (penalty error)   : 0.837
Acc@1 (within ±1)      : 95.00%
Exact Accuracy         : 45.00%
========================================

🔍 Detailed error analysis saved to: results_task2/run_83/ConvNeXt_Tiny_error_breakdown.csv

Top 5 Worst Predictions:
                                     Image_Name  Actual_Balls  Predicted_Balls  Error
 26_png.rf.58fd63888dc80d24e902a96995a31656.jpg            10                8     -2
  1_png.rf.8199e7f82efa196a0732a582c5d2472e.jpg             2                3      1
185_png.rf.d2a971d3a33d7f290e313be493525277.jpg             4                5      1
 38_png.rf.5f7178d32f8c80830acba72ceaa53c52.jpg             8                7     -1
 58_png.rf.b94027c8488125d21180dde164fc71f6.jpg             8                7     -1

🔍 Finding missed predictions for ConvNeXt_Tiny...
Found 11 mistakes. Generating heatmaps...
✅ Heatmaps of missed images saved to results_task2/run_83/graphs/ConvNeXt_Tiny_missed_gradcam.png
🚀 Starting final pipeline run with datasets: ['main_dataset', 'extra-3', 'custom']

▶️  Running parser.py...
▶️  Running task2.py...

✅ PIPELINE COMPLETED! Your final model and results are ready.
