nohup: ignoring input
🔧 Parser running with datasets: ['main_dataset', 'custom']
Loaded 247 partition rules from partition.csv

Success! Extracted 447 images into parsed_dataset_catalog.json
Using device: cuda
GPU: Quadro RTX 8000
VRAM available: 47.3 GB
📁 Initialized new experiment folder: results_task2/run_70
   ├─ 🧠 Models:  results_task2/run_70/models
   ├─ 📊 Graphs:  results_task2/run_70/graphs
   └─ 📝 Results: results_task2/run_70/results.csv
Config loaded ✓
Loaded 447 entries
Train: 407  |  Val: 20  |  Test: 20
Dataset classes ready ✓
Model                  Parameters
----------------------------------
ConvNeXt_Tiny          28,021,361
Helpers ready ✓
Initializing Datasets and DataLoaders...

============================================================
  Training: ConvNeXt_Tiny
============================================================
  [  1/30]  train=2.7990  val=2.8767 ← ✓
  [  2/30]  train=2.7458  val=2.8400 ← ✓
  [  3/30]  train=2.7574  val=2.8256 ← ✓
  [  4/30]  train=2.7146  val=2.8737
  [  5/30]  train=2.7150  val=2.7512 ← ✓
  [  6/30]  train=2.7034  val=2.8407
  [  7/30]  train=2.6769  val=2.7628
  [  8/30]  train=2.6256  val=2.6501 ← ✓
  [  9/30]  train=2.5652  val=2.6427 ← ✓
  [ 10/30]  train=2.5568  val=2.5225 ← ✓
  [ 11/30]  train=2.4864  val=2.5428
  [ 12/30]  train=2.4732  val=2.7449
  [ 13/30]  train=2.4743  val=2.6608
  [ 14/30]  train=2.3850  val=2.5578
  [ 15/30]  train=2.3599  val=2.3672 ← ✓
  [ 16/30]  train=2.3398  val=2.4015
  [ 17/30]  train=2.2562  val=2.2926 ← ✓
  [ 18/30]  train=2.2389  val=2.1807 ← ✓
  [ 19/30]  train=2.1806  val=2.3487
  [ 20/30]  train=2.1155  val=2.1623 ← ✓
  [ 21/30]  train=2.0703  val=2.2098
  [ 22/30]  train=2.0341  val=2.1985
  [ 23/30]  train=2.0103  val=2.1135 ← ✓
  [ 24/30]  train=1.9418  val=2.3576
  [ 25/30]  train=1.9120  val=2.1756
  [ 26/30]  train=1.9117  val=2.1721
  [ 27/30]  train=1.8866  val=2.1760
  [ 28/30]  train=1.8754  val=2.1645
  [ 29/30]  train=1.8325  val=2.1973
  [ 30/30]  train=1.8385  val=2.2000

  Test →  MAE=1.300  RMSE=2.627  Acc@1=0.900  ExactAcc=0.250


All models done! Results saved to results_task2/run_70/results.csv
Saved: loss_curves.png
Saved: scatter_plots.png
Saved: error_distributions.png
           Model  MAE ↓  RMSE ↓  Acc@1 ↑  Exact ↑
1  ConvNeXt_Tiny    1.3   2.627      0.9     0.25
Saved: model_comparison.png
📊 Final Model Rankings saved to CSV:
 Rank         model       datasets_used  MAE  MSE    RMSE  Acc@1  ExactAcc
    1 ConvNeXt_Tiny main_dataset,custom  1.3  6.9 2.62679    0.9      0.25
------------------------------------------------------------
🏆 Best model: ConvNeXt_Tiny  (ExactAcc=0.250)
Running full evaluation on 20 test images using ConvNeXt_Tiny...
Evaluating:   0%|          | 0/20 [00:00<?, ?it/s]

========================================
  FINAL TEST SET EVALUATION REPORT
========================================
Model Evaluated        : ConvNeXt_Tiny
Total Images Evaluated : 20
MAE  (avg error)       : 1.300 balls
RMSE (penalty error)   : 2.627
Acc@1 (within ±1)      : 90.00%
Exact Accuracy         : 25.00%
========================================

🔍 Detailed error analysis saved to: results_task2/run_70/ConvNeXt_Tiny_error_breakdown.csv

Top 5 Worst Predictions:
                                     Image_Name  Actual_Balls  Predicted_Balls  Error
181_png.rf.23ccd3b4b31a6fef484f7f0d25cf89d7.jpg            16                5    -11
136_png.rf.e99c3dfd6e84ce294cdabc3bb5ee8a75.jpg            12               14      2
  1_png.rf.8199e7f82efa196a0732a582c5d2472e.jpg             2                3      1
185_png.rf.d2a971d3a33d7f290e313be493525277.jpg             4                5      1
  9_png.rf.3a4164e5647feea77eb3062be7e65aea.jpg             7                8      1

🔍 Generating Grad-CAM heatmaps for ConvNeXt_Tiny...
✅ Heatmaps saved to results_task2/run_70/graphs/ConvNeXt_Tiny_gradcam.png
🔧 Parser running with datasets: ['main_dataset', 'extra-3', 'custom']
Loaded 247 partition rules from partition.csv

Success! Extracted 1532 images into parsed_dataset_catalog.json
Using device: cuda
GPU: Quadro RTX 8000
VRAM available: 47.3 GB
📁 Initialized new experiment folder: results_task2/run_71
   ├─ 🧠 Models:  results_task2/run_71/models
   ├─ 📊 Graphs:  results_task2/run_71/graphs
   └─ 📝 Results: results_task2/run_71/results.csv
Config loaded ✓
Loaded 1,532 entries
Train: 1,354  |  Val: 158  |  Test: 20
Dataset classes ready ✓
Model                  Parameters
----------------------------------
ConvNeXt_Tiny          28,021,361
Helpers ready ✓
Initializing Datasets and DataLoaders...

============================================================
  Training: ConvNeXt_Tiny
============================================================
  [  1/30]  train=2.7218  val=2.4479 ← ✓
  [  2/30]  train=2.3535  val=2.2221 ← ✓
  [  3/30]  train=2.2065  val=2.0945 ← ✓
  [  4/30]  train=2.0437  val=1.9936 ← ✓
  [  5/30]  train=1.9674  val=1.8958 ← ✓
  [  6/30]  train=1.8576  val=2.0211
  [  7/30]  train=1.8315  val=1.7631 ← ✓
  [  8/30]  train=1.7224  val=1.8642
  [  9/30]  train=1.6886  val=1.9628
  [ 10/30]  train=1.6573  val=1.7987
  [ 11/30]  train=1.5836  val=1.7923
  [ 12/30]  train=1.5477  val=1.7961
  [ 13/30]  train=1.4948  val=1.6727 ← ✓
  [ 14/30]  train=1.4833  val=1.7154
  [ 15/30]  train=1.4145  val=1.5942 ← ✓
  [ 16/30]  train=1.3759  val=1.6412
  [ 17/30]  train=1.3355  val=1.6507
  [ 18/30]  train=1.2742  val=1.7121
  [ 19/30]  train=1.2271  val=1.5630 ← ✓
  [ 20/30]  train=1.1853  val=1.5882
  [ 21/30]  train=1.1202  val=1.6942
  [ 22/30]  train=1.1124  val=1.6758
  [ 23/30]  train=1.0573  val=1.6214
  [ 24/30]  train=1.0292  val=1.6753
  [ 25/30]  train=1.0106  val=1.6183
  [ 26/30]  train=1.0002  val=1.6452
  [ 27/30]  train=0.9810  val=1.6651
  [ 28/30]  train=0.9507  val=1.6536
  [ 29/30]  train=0.9498  val=1.6453
  [ 30/30]  train=0.9431  val=1.6498

  Test →  MAE=0.700  RMSE=0.894  Acc@1=0.950  ExactAcc=0.350


All models done! Results saved to results_task2/run_71/results.csv
Saved: loss_curves.png
Saved: scatter_plots.png
Saved: error_distributions.png
           Model  MAE ↓  RMSE ↓  Acc@1 ↑  Exact ↑
1  ConvNeXt_Tiny    0.7   0.894     0.95     0.35
Saved: model_comparison.png
📊 Final Model Rankings saved to CSV:
 Rank         model               datasets_used  MAE  MSE    RMSE  Acc@1  ExactAcc
    1 ConvNeXt_Tiny main_dataset,extra-3,custom  0.7  0.8 0.89443   0.95      0.35
------------------------------------------------------------
🏆 Best model: ConvNeXt_Tiny  (ExactAcc=0.350)
Running full evaluation on 20 test images using ConvNeXt_Tiny...
Evaluating:   0%|          | 0/20 [00:00<?, ?it/s]

========================================
  FINAL TEST SET EVALUATION REPORT
========================================
Model Evaluated        : ConvNeXt_Tiny
Total Images Evaluated : 20
MAE  (avg error)       : 0.700 balls
RMSE (penalty error)   : 0.894
Acc@1 (within ±1)      : 95.00%
Exact Accuracy         : 35.00%
========================================

🔍 Detailed error analysis saved to: results_task2/run_71/ConvNeXt_Tiny_error_breakdown.csv

Top 5 Worst Predictions:
                                     Image_Name  Actual_Balls  Predicted_Balls  Error
107_png.rf.f31cf99275d8de0c817398bad1fbb98c.jpg            14               12     -2
  1_png.rf.8199e7f82efa196a0732a582c5d2472e.jpg             2                3      1
185_png.rf.d2a971d3a33d7f290e313be493525277.jpg             4                5      1
  9_png.rf.3a4164e5647feea77eb3062be7e65aea.jpg             7                8      1
 38_png.rf.5f7178d32f8c80830acba72ceaa53c52.jpg             8                9      1

🔍 Generating Grad-CAM heatmaps for ConvNeXt_Tiny...
✅ Heatmaps saved to results_task2/run_71/graphs/ConvNeXt_Tiny_gradcam.png
🚀 Starting final pipeline run with datasets: ['main_dataset', 'custom']

▶️  Running parser.py...
▶️  Running task2.py...

✅ PIPELINE COMPLETED! Your final model and results are ready.
🚀 Starting final pipeline run with datasets: ['main_dataset', 'extra-3', 'custom']

▶️  Running parser.py...
▶️  Running task2.py...

✅ PIPELINE COMPLETED! Your final model and results are ready.
